// Jest Snapshot v1, https://goo.gl/fbAQLP

exports[`renders correctly 1`] = `
<div
  className="registration"
>
  <h1>
    Register
  </h1>
  <form
    className="form"
    onSubmit={[Function]}
  >
    <div
      className="form-element"
    >
      <label
        htmlFor="username"
      >
         Username
      </label>
      <input
        id="username"
        onChange={[Function]}
      />
    </div>
    <div
      className="form-element"
    >
      <label
        htmlFor="password"
      >
         Password
      </label>
      <input
        id="password"
        onChange={[Function]}
        type="password"
      />
    </div>
    <div
      className="form-element"
    >
      <label
        htmlFor="confirmPassword"
      >
         Confirm password
      </label>
      <input
        id="confirmPassword"
        onChange={[Function]}
        type="password"
      />
    </div>
    <div
      className="form-element"
    >
      <label
        htmlFor="name"
      >
         Name
      </label>
      <input
        id="name"
        onChange={[Function]}
      />
    </div>
    <div
      className="form-element"
    >
      <label
        htmlFor="gender"
      >
         Gender
      </label>
      <select
        id="gender"
        onChange={[Function]}
      >
        <option>
          Select an Option
        </option>
        <option>
          Male
        </option>
        <option>
          Female
        </option>
        <option>
          Other
        </option>
      </select>
    </div>
    <div
      className="form-element"
    >
      <label
        htmlFor="birthday"
      >
         Birthday
      </label>
      <input
        id="birthday"
        onChange={[Function]}
      />
    </div>
    <div
      className="form-element"
    >
      <label
        htmlFor="sexuality"
      >
         Sexuality
      </label>
      <select
        id="sexuality"
        onChange={[Function]}
      >
        <option>
          Select an Option
        </option>
        <option>
          Male
        </option>
        <option>
          Female
        </option>
        <option>
          Other
        </option>
      </select>
    </div>
    <div
      className="form-element"
    >
      <label
        htmlFor="interests"
      >
         Interests
      </label>
      <button
        id="interests-button"
        onClick={[Function]}
      >
        Choose Interests
      </button>
    </div>
    <div
      className="form-element"
    >
      <label
        htmlFor="location"
      >
         Location
      </label>
      <input
        id="location"
      />
    </div>
    <input
      id="register-button"
      type="submit"
      value="Register"
    />
  </form>
  <div
    id="interests-background"
  >
    <div
      id="interests-interface"
    >
      <h1>
        Choose Five Interests
      </h1>
      <div
        className="interests-container"
      >
        <div
          className="interest-element"
          id="i1"
          onClick={[Function]}
        >
          Art
        </div>
        <div
          className="interest-element"
          id="i2"
          onClick={[Function]}
        >
          Baking
        </div>
        <div
          className="interest-element"
          id="i3"
          onClick={[Function]}
        >
          Board Games
        </div>
        <div
          className="interest-element"
          id="i4"
          onClick={[Function]}
        >
          Comedy
        </div>
        <div
          className="interest-element"
          id="i5"
          onClick={[Function]}
        >
          Cooking
        </div>
        <div
          className="interest-element"
          id="i6"
          onClick={[Function]}
        >
          Cycling
        </div>
        <div
          className="interest-element"
          id="i7"
          onClick={[Function]}
        >
          Dancing
        </div>
        <div
          className="interest-element"
          id="i8"
          onClick={[Function]}
        >
          Fashion
        </div>
        <div
          className="interest-element"
          id="i9"
          onClick={[Function]}
        >
          Fishing
        </div>
        <div
          className="interest-element"
          id="i10"
          onClick={[Function]}
        >
          Foodie
        </div>
        <div
          className="interest-element"
          id="i11"
          onClick={[Function]}
        >
          Football
        </div>
        <div
          className="interest-element"
          id="i12"
          onClick={[Function]}
        >
          Gamer
        </div>
        <div
          className="interest-element"
          id="i13"
          onClick={[Function]}
        >
          Gardening
        </div>
        <div
          className="interest-element"
          id="i14"
          onClick={[Function]}
        >
          Golf
        </div>
        <div
          className="interest-element"
          id="i15"
          onClick={[Function]}
        >
          Gym
        </div>
        <div
          className="interest-element"
          id="i16"
          onClick={[Function]}
        >
          Hiking
        </div>
        <div
          className="interest-element"
          id="i17"
          onClick={[Function]}
        >
          Karaoke
        </div>
        <div
          className="interest-element"
          id="i18"
          onClick={[Function]}
        >
          Movies
        </div>
        <div
          className="interest-element"
          id="i19"
          onClick={[Function]}
        >
          Music
        </div>
        <div
          className="interest-element"
          id="i20"
          onClick={[Function]}
        >
          Netflix
        </div>
        <div
          className="interest-element"
          id="i21"
          onClick={[Function]}
        >
          Pet Lover
        </div>
        <div
          className="interest-element"
          id="i22"
          onClick={[Function]}
        >
          Photography
        </div>
        <div
          className="interest-element"
          id="i23"
          onClick={[Function]}
        >
          Picnicking
        </div>
        <div
          className="interest-element"
          id="i24"
          onClick={[Function]}
        >
          Politics
        </div>
        <div
          className="interest-element"
          id="i25"
          onClick={[Function]}
        >
          Reading
        </div>
        <div
          className="interest-element"
          id="i26"
          onClick={[Function]}
        >
          Shopping
        </div>
        <div
          className="interest-element"
          id="i27"
          onClick={[Function]}
        >
          Spirituality
        </div>
        <div
          className="interest-element"
          id="i28"
          onClick={[Function]}
        >
          Social Media
        </div>
        <div
          className="interest-element"
          id="i29"
          onClick={[Function]}
        >
          Sport
        </div>
        <div
          className="interest-element"
          id="i30"
          onClick={[Function]}
        >
          Surfing
        </div>
        <div
          className="interest-element"
          id="i31"
          onClick={[Function]}
        >
          Swimming
        </div>
        <div
          className="interest-element"
          id="i32"
          onClick={[Function]}
        >
          Travel
        </div>
        <div
          className="interest-element"
          id="i33"
          onClick={[Function]}
        >
          Vlogging
        </div>
        <div
          className="interest-element"
          id="i34"
          onClick={[Function]}
        >
          Wine
        </div>
        <div
          className="interest-element"
          id="i35"
          onClick={[Function]}
        >
          Writing
        </div>
        <div
          className="interest-element"
          id="i36"
          onClick={[Function]}
        >
          Yoga
        </div>
      </div>
      <div
        id="interests-button-container"
      >
        <button
          id="interests-cancel"
          onClick={[Function]}
        >
          Cancel
        </button>
        <button
          id="interests-confirm"
          onClick={[Function]}
        >
          Confirm
        </button>
      </div>
    </div>
  </div>
</div>
`;
