// Jest Snapshot v1, https://goo.gl/fbAQLP

exports[`renders correctly 1`] = `
<div>
  <div
    className="profile"
  >
    <div>
      <div
        className="panel-container-1"
      >
        <div
          className="panel-container-2"
        >
          <div
            className="profile-container"
          >
            <div
              className="profile-name"
            >
              <p
                id="feed-username"
              >
                PROFILE
              </p>
            </div>
          </div>
          <div
            id="logout"
          >
            <i
              class="uil uil-sign-out-alt"
              onClick={[Function]}
            />
          </div>
        </div>
        <br />
        <div>
          <img
            className="profile-image"
            id="feed-image"
            src="https://res.cloudinary.com/dkctv74ue/image/upload/v1633950788/index_g5glv5.jpg"
          />
          <p
            className="editProfile"
          >
            edit profile
          </p>
        </div>
        <div>
          <h2
            className="usernameAge"
          >
            begin ,22
          </h2>
          <hr
            className="divider"
            size="6"
          />
          <br />
          <br />
        </div>
        <dir>
          <div
            className="wrapper"
          >
            <label
              className="fieldDescription"
              htmlFor="username"
            >
               Profile Picture
            </label>
            <img
              id="register-pic"
            />
            <input
              accept="image/*"
              id="fileupload"
              onChange={[Function]}
              type="file"
            />
            <p
              className="lblDiscriber"
            >
              NAME
            </p>
            <input
              align="start"
              className="inputfield"
              onChange={[Function]}
              type="text"
              value=""
            />
            <p
              className="lblDiscriber"
            >
              LOCATION
            </p>
            <input
              align="start"
              className="inputfield"
              readOnly={true}
              style={
                Object {
                  "color": "#00bafa",
                }
              }
              type="text"
              value="braam"
            />
            <p
              className="lblDiscriber"
            >
              BIO
            </p>
            <textarea
              className="bio"
              cols="52"
              onChange={[Function]}
              rows="6"
              type="text"
              value=""
            />
            <textarea
              className="bio"
              cols="52"
              onChange={[Function]}
              rows="6"
              type="text"
              value="This is the bio"
            />
            <p
              className="lblDiscriber"
            >
              Interest
            </p>
            <div
              className="interest"
            >
              <div
                className="interest-element"
                style={
                  Object {
                    "borderColor": "#12c2e9",
                    "color": "#12c2e9",
                  }
                }
                title="interestOne"
              >
                no user
              </div>
              <div
                className="interest-element"
                style={
                  Object {
                    "borderColor": "#c471ed",
                    "color": "#c471ed",
                  }
                }
              >
                no user
              </div>
              <div
                className="interest-element"
                style={
                  Object {
                    "borderColor": "#fc32e8",
                    "color": "#fc32e8",
                  }
                }
              >
                no user
              </div>
              <br />
              <div
                className="interest-element"
                style={
                  Object {
                    "borderColor": "#fc32e8",
                    "color": "#fc32e8",
                  }
                }
              >
                no user
              </div>
              <div
                className="interest-element"
              >
                no user
              </div>
            </div>
            <button
              className="intrestbutton"
              id="interests-button"
              onClick={[Function]}
            >
              Choose Interests
            </button>
                                         
            <hr
              className="line2"
              size="2"
              style={
                Object {
                  "Color": "#6e6e6e",
                }
              }
            />
            <div
              className="btnUpdate"
            >
              <a
                className="button"
                href=""
                onClick={[Function]}
                style={
                  Object {
                    "backgroundColor": "grey",
                    "color": "black",
                    "marginTop": 10,
                    "padding": 5,
                    "textDecoration": "none",
                  }
                }
              >
                <b>
                  Update
                </b>
                 
              </a>
            </div>
          </div>
          <div
            id="interests-background"
          >
            <div
              id="interests-interface"
            >
              <h1>
                Choose Five Interests
              </h1>
              <div
                className="interests-container"
              >
                <div
                  className="interest-element"
                  id="i1"
                >
                  Art
                </div>
                <div
                  className="interest-element"
                  id="i2"
                >
                  Baking
                </div>
                <div
                  className="interest-element"
                  id="i3"
                >
                  Board Games
                </div>
                <div
                  className="interest-element"
                  id="i4"
                >
                  Comedy
                </div>
                <div
                  className="interest-element"
                  id="i5"
                >
                  Cooking
                </div>
                <div
                  className="interest-element"
                  id="i6"
                >
                  Cycling
                </div>
                <div
                  className="interest-element"
                  id="i7"
                >
                  Dancing
                </div>
                <div
                  className="interest-element"
                  id="i8"
                >
                  Fashion
                </div>
                <div
                  className="interest-element"
                  id="i9"
                >
                  Fishing
                </div>
                <div
                  className="interest-element"
                  id="i10"
                >
                  Foodie
                </div>
                <div
                  className="interest-element"
                  id="i11"
                >
                  Football
                </div>
                <div
                  className="interest-element"
                  id="i12"
                >
                  Gamer
                </div>
                <div
                  className="interest-element"
                  id="i13"
                >
                  Gardening
                </div>
                <div
                  className="interest-element"
                  id="i14"
                >
                  Golf
                </div>
                <div
                  className="interest-element"
                  id="i15"
                >
                  Gym
                </div>
                <div
                  className="interest-element"
                  id="i16"
                >
                  Hiking
                </div>
                <div
                  className="interest-element"
                  id="i17"
                >
                  Karaoke
                </div>
                <div
                  className="interest-element"
                  id="i18"
                >
                  Movies
                </div>
                <div
                  className="interest-element"
                  id="i19"
                >
                  Music
                </div>
                <div
                  className="interest-element"
                  id="i20"
                >
                  Netflix
                </div>
                <div
                  className="interest-element"
                  id="i21"
                >
                  Pet Lover
                </div>
                <div
                  className="interest-element"
                  id="i22"
                >
                  Photography
                </div>
                <div
                  className="interest-element"
                  id="i23"
                >
                  Picnicking
                </div>
                <div
                  className="interest-element"
                  id="i24"
                >
                  Politics
                </div>
                <div
                  className="interest-element"
                  id="i25"
                >
                  Reading
                </div>
                <div
                  className="interest-element"
                  id="i26"
                >
                  Shopping
                </div>
                <div
                  className="interest-element"
                  id="i27"
                >
                  Spirituality
                </div>
                <div
                  className="interest-element"
                  id="i28"
                >
                  Social Media
                </div>
                <div
                  className="interest-element"
                  id="i29"
                >
                  Sport
                </div>
                <div
                  className="interest-element"
                  id="i30"
                >
                  Surfing
                </div>
                <div
                  className="interest-element"
                  id="i31"
                >
                  Swimming
                </div>
                <div
                  className="interest-element"
                  id="i32"
                >
                  Travel
                </div>
                <div
                  className="interest-element"
                  id="i33"
                >
                  Vlogging
                </div>
                <div
                  className="interest-element"
                  id="i34"
                >
                  Wine
                </div>
                <div
                  className="interest-element"
                  id="i35"
                >
                  Writing
                </div>
                <div
                  className="interest-element"
                  id="i36"
                >
                  Yoga
                </div>
              </div>
              <button
                id="interests-close"
                onClick={[Function]}
              >
                Close
              </button>
            </div>
          </div>
        </dir>
      </div>
    </div>
    <div
      className="navBarNew"
    >
      <p
        id="findLovers"
      >
        <b>
          FindLoverz   
        </b>
      </p>
      <p
        id="divider"
      >
        |
      </p>
      <a
        href="/profile"
        onClick={[Function]}
      >
        <img
          id="NavBarImage"
          src="https://res.cloudinary.com/dkctv74ue/image/upload/v1633950788/index_g5glv5.jpg"
        />
      </a>
      <a
        href="/feed"
        id="navFeed"
        onClick={[Function]}
      >
         
        <b>
          Feed
        </b>
         
      </a>
      <a
        href="/chat"
        id="navChat"
        onClick={[Function]}
      >
         
        <b>
          Chat
        </b>
         
      </a>
      <a
        href="/"
        id="navLogout"
        onClick={[Function]}
      >
         
        <b>
          Logout
        </b>
         
      </a>
    </div>
    <div
      style={
        Object {
          "height": 0,
          "width": "51vw",
        }
      }
    />
    <div
      style={
        Object {
          "position": "absolute",
          "right": "0px",
          "top": "0px",
          "zIndex": -1,
        }
      }
    >
      <div
        className="right-container-1"
      >
        <div
          className="right-container-2"
        >
          <h2
            style={
              Object {
                "color": "#808080",
                "marginRight": "10px",
              }
            }
          >
            PREVIEW
          </h2>
          <div
            className="card-container"
            id="card"
          >
            <img
              alt=""
              className="card-image"
              src="https://res.cloudinary.com/dkctv74ue/image/upload/v1633950788/index_g5glv5.jpg"
            />
            <h2
              className="usernameAge2"
              title="name"
            >
              Sam
            </h2>
            <p
              className="location"
              title="location"
            >
              <svg
                fill="currentColor"
                height="1em"
                stroke="currentColor"
                strokeWidth="0"
                style={
                  Object {
                    "color": "#808080",
                    "marginRight": "10px",
                  }
                }
                version="1.1"
                viewBox="0 0 16 16"
                width="1em"
                xmlns="http://www.w3.org/2000/svg"
              >
                <path
                  d="M8 0c-2.761 0-5 2.239-5 5 0 5 5 11 5 11s5-6 5-11c0-2.761-2.239-5-5-5zM8 8.063c-1.691 0-3.063-1.371-3.063-3.063s1.371-3.063 3.063-3.063 3.063 1.371 3.063 3.063-1.371 3.063-3.063 3.063zM6.063 5c0-1.070 0.867-1.938 1.938-1.938s1.938 0.867 1.938 1.938c0 1.070-0.867 1.938-1.938 1.938s-1.938-0.867-1.938-1.938z"
                />
              </svg>
              braam
            </p>
            <div
              className="interest2"
            >
              <div
                className="interest-element2"
                style={
                  Object {
                    "borderColor": "#12c2e9",
                    "color": "#12c2e9",
                  }
                }
                title="intOne"
              >
                Golf
              </div>
              <div
                className="interest-element2"
                style={
                  Object {
                    "borderColor": "#c471ed",
                    "color": "#c471ed",
                  }
                }
                title="intTwo"
              >
                Gym
              </div>
              <div
                className="interest-element2"
                style={
                  Object {
                    "borderColor": "#fc32e8",
                    "color": "#fc32e8",
                  }
                }
                title="intThree"
              >
                Pet Lover
              </div>
              <br />
              <div
                className="interest-element2"
                style={
                  Object {
                    "borderColor": "#fc32e8",
                    "color": "#fc32e8",
                  }
                }
                title="intFour"
              >
                Spirituality
              </div>
              <div
                className="interest-element2"
                title="intFive"
              >
                Vlogging
              </div>
            </div>
            <div
              className="card-bio"
            >
              <div>
                <p
                  title="previewBio"
                >
                   
                  This is the bio
                   
                </p>
              </div>
            </div>
          </div>
        </div>
      </div>
    </div>
  </div>
</div>
`;
